// Jest Snapshot v1, https://goo.gl/fbAQLP

exports[`renders correctly 1`] = `
<View
  accessible={true}
  collapsable={false}
  focusable={false}
  onClick={[Function]}
  onResponderGrant={[Function]}
  onResponderMove={[Function]}
  onResponderRelease={[Function]}
  onResponderTerminate={[Function]}
  onResponderTerminationRequest={[Function]}
  onStartShouldSetResponder={[Function]}
  style={
    {
      "alignItems": "center",
      "alignSelf": "center",
      "backgroundColor": "#2C2C2E",
      "borderColor": "#fff",
      "borderRadius": 10,
      "borderWidth": 5,
      "flexDirection": "row",
      "height": 60,
      "justifyContent": "center",
      "marginVertical": 5,
      "opacity": 1,
      "width": 105,
    }
  }
  testID="save-button-press"
>
  <MaterialIcons
    color="#fff"
    size={40}
  />
</View>
`;
